// Jest Snapshot v1, https://goo.gl/fbAQLP

exports[`the tab shell's section-building, siem among it snapshots the siem descriptor tree, so any future drift - moved or not - is caught 1`] = `
[
  {
    "description": "Master switch. When false the dispatcher does not start, regardless of per-sink settings.",
    "kind": "switch",
    "label": "Enabled",
    "pointer": "/api_config/observability/siem/enabled",
    "value": true,
  },
  {
    "description": "Default rows read per sink per tick; a sink may override it.",
    "integer": true,
    "kind": "number",
    "label": "Batch Size",
    "minimum": 1,
    "pointer": "/api_config/observability/siem/batch_size",
    "value": 100,
  },
  {
    "description": "Default dispatch interval in milliseconds; a sink may override it. The timer period is the shortest of all intervals in play.",
    "integer": true,
    "kind": "number",
    "label": "Interval Ms",
    "minimum": 1000,
    "pointer": "/api_config/observability/siem/interval_ms",
    "value": 15000,
  },
  {
    "description": "How far back, in milliseconds, the repair pass looks for outbox events that were never handed to a sink. It bounds that scan and stops a newly enabled sink replaying the full retained history; events older than this are never backfilled.",
    "integer": true,
    "kind": "number",
    "label": "Reconcile Lookback Ms",
    "minimum": 0,
    "pointer": "/api_config/observability/siem/reconcile_lookback_ms",
    "value": undefined,
  },
  {
    "description": "Cap, in UTF-8 bytes, applied to the prompt and to the response independently before a usage event is published. A cut event carries content.truncated: true, so a partial payload is never mistaken for a whole conversation. 0 is accepted and empties the content, marked as truncated. Defaults to 8192, which is also where a negative or non-numeric value lands.",
    "integer": true,
    "kind": "number",
    "label": "Content Max Bytes",
    "minimum": 0,
    "pointer": "/api_config/observability/siem/content_max_bytes",
    "value": undefined,
  },
  {
    "description": "Event categories to export. 'usage' is one request-completion event per request and is the only category that can carry conversation content; it ships absent from this list, so exporting it is an explicit opt-in.",
    "kind": "list",
    "label": "Categories",
    "options": [
      "security",
      "audit",
      "usage",
    ],
    "pointer": "/api_config/observability/siem/categories",
    "values": [
      "security",
      "audit",
    ],
  },
  {
    "arrayItems": {
      "discriminated": true,
      "skeleton": {
        "name": "",
        "type": "webhook",
      },
    },
    "children": [
      {
        "arrayIndex": 0,
        "children": [
          {
            "description": "Sink implementation. Determines which of the type-specific properties below apply.",
            "kind": "select",
            "label": "Type",
            "options": [
              "webhook",
              "otel",
              "datadog",
              "azure_sentinel",
              "gcs_pubsub",
              "s3",
            ],
            "pointer": "/api_config/observability/siem/sinks/0/type",
            "readOnly": true,
            "value": "datadog",
          },
          {
            "description": "Ships false. A sink is dispatched only when both siem.enabled and this are true.",
            "kind": "switch",
            "label": "Enabled",
            "pointer": "/api_config/observability/siem/sinks/0/enabled",
            "value": false,
          },
          {
            "description": "Opt-in: ships the prompt and response of each request to this sink, as part of a usage event. Defaults false, and false on every shipped sink. What it ships is the pseudonymized form - placeholders, not raw PII - unless allow_unmasked_content is also set. Requires 'usage' in siem.categories; the dispatcher removes content entirely for a sink where this is false.",
            "kind": "switch",
            "label": "Include Content",
            "pointer": "/api_config/observability/siem/sinks/0/include_content",
            "value": false,
          },
          {
            "description": "RISK - reads raw conversations. Opt-in to receive content that pseudonymization never masked, because masking was disabled or bypassed for that request: real names, addresses and anything a user pasted, in full, leaving this system. Defaults false, and only has any effect where include_content is also true. Left false, such a request ships metadata only and records content.omitted: 'not-masked'.",
            "kind": "switch",
            "label": "Allow Unmasked Content",
            "pointer": "/api_config/observability/siem/sinks/0/allow_unmasked_content",
            "value": false,
          },
          {
            "description": "Opt-in: ships the raw value of an unresolved credential for forensics. Defaults false; the dispatcher strips the field when false.",
            "kind": "switch",
            "label": "Include Credential Material",
            "pointer": "/api_config/observability/siem/sinks/0/include_credential_material",
            "value": false,
          },
          {
            "description": "Per-sink override of siem.batch_size.",
            "integer": true,
            "kind": "number",
            "label": "Batch Size",
            "minimum": 1,
            "pointer": "/api_config/observability/siem/sinks/0/batch_size",
            "value": undefined,
          },
          {
            "description": "Per-sink override of siem.interval_ms. Must exceed the sink's send timeout or dispatches queue behind each other.",
            "integer": true,
            "kind": "number",
            "label": "Interval Ms",
            "minimum": 1000,
            "pointer": "/api_config/observability/siem/sinks/0/interval_ms",
            "value": undefined,
          },
          {
            "description": "datadog: site host, e.g. datadoghq.com or datadoghq.eu.",
            "kind": "text",
            "label": "Site",
            "minLength": 1,
            "pointer": "/api_config/observability/siem/sinks/0/site",
            "required": true,
            "value": "datadoghq.com",
          },
          {
            "description": "Name of the credential slot. Never a credential value - api_config.json is tracked in three synced copies in a public repo.",
            "kind": "text",
            "label": "API Key",
            "pattern": "^[A-Z][A-Z0-9_]*$",
            "pointer": "/api_config/observability/siem/sinks/0/api_key_env",
            "required": true,
            "value": "SIEM_DATADOG_API_KEY",
          },
        ],
        "collapsed": true,
        "kind": "section",
        "label": "datadog",
        "pointer": "/api_config/observability/siem/sinks/0",
      },
    ],
    "description": "Configured sinks. A sink whose settings fail validation is skipped with a warning rather than stopping the others.",
    "kind": "section",
    "label": "Sinks",
    "pointer": "/api_config/observability/siem/sinks",
  },
]
`;
